System.Exception: Hello Exception!
   at TestExceptionGenerator.Spike.GetException() in c:\Code\personal\DotNetExceptionMessageFormatter\TestExceptionGenerator\Spike.cs:line 22
   at TestExceptionGenerator.Spike.<GenericException>b__0() in c:\Code\personal\DotNetExceptionMessageFormatter\TestExceptionGenerator\Spike.cs:line 13
   at TestExceptionGenerator.Extensions.GetExceptionString(Action action) in c:\Code\personal\DotNetExceptionMessageFormatter\TestExceptionGenerator\Spike.cs:line 34